2026-08-20 08:33:29,927 - INFO - Database initialized successfully.
2026-08-20 08:34:01,516 - INFO - User registered successfully: kylesuzette (kylesuzette@gmail.com)
2026-08-20 08:34:15,727 - INFO - Successful login: kylesuzette
2026-08-20 08:34:31,362 - INFO - Hardware added: Arduino
2026-08-20 08:34:43,987 - INFO - Hardware added: PNP
2026-08-20 08:35:00,933 - INFO - Hardware added: LED Green
2026-08-20 08:35:03,229 - INFO - User logged out.
2026-08-20 08:47:49,768 - INFO - Database migration: added column 'role'
2026-08-20 08:47:49,771 - INFO - Database migration: added column 'is_locked'
2026-08-20 08:47:49,990 - INFO - Default ADMIN account initialized.
2026-08-20 08:47:49,992 - INFO - Database initialized successfully.
2026-08-20 08:53:52,747 - INFO - Database initialized successfully.
2026-08-20 08:57:07,833 - INFO - Database initialized successfully.
2026-08-20 08:58:25,366 - INFO - Database initialized successfully.
2026-08-20 08:59:37,505 - INFO - Database initialized successfully.
2026-08-20 09:00:47,216 - INFO - Database initialized successfully.
2026-08-20 09:02:36,806 - INFO - Database initialized successfully.
2026-08-20 09:02:49,223 - INFO - Database initialized successfully.
2026-08-20 09:04:17,805 - INFO - Database initialized successfully.
2026-08-20 09:05:05,062 - INFO - Database initialized successfully.
2026-08-20 09:08:11,715 - INFO - Database initialized successfully.
2026-08-20 09:09:35,193 - INFO - Database initialized successfully.
2026-08-20 09:12:46,522 - INFO - Database initialized successfully.
2026-08-20 09:13:29,344 - INFO - Database initialized successfully.
2026-08-20 09:15:12,516 - INFO - Database initialized successfully.
2026-08-20 09:20:45,393 - INFO - Database initialized successfully.
2026-08-20 09:22:11,383 - INFO - User registered: kyle | role=ADMIN
2026-08-20 09:22:23,854 - INFO - Successful login: kyle | role=ADMIN
2026-08-20 09:27:06,858 - INFO - Database initialized successfully.
2026-08-20 09:27:24,533 - INFO - Successful login: kyle | role=ADMIN
2026-08-20 09:28:01,454 - INFO - Hardware added: NPN | Category=Transistor | Quantity=24 | Price=20.0
2026-08-20 09:37:55,338 - INFO - Database initialized successfully.
2026-08-20 09:38:11,262 - INFO - Successful login: kyle | role=ADMIN
